[33mΓ¥»[39m Building...
[32mΓ£ö[39m Building...
[1mInitial chunk files[22m[2m | [22m[1mNames[22m        [2m | [22m [1mRaw size[22m[2m | [22m[1mEstimated transfer size[22m
[32mmain-TDQ453Y5.js[39m   [2m | [22m[2mmain[22m         [2m | [22m[36m475.99 kB[39m[2m | [22m              [36m105.30 kB[39m
[32mstyles-64VRW6NG.css[39m[2m | [22m[2mstyles[22m       [2m | [22m [36m56.80 kB[39m[2m | [22m                [36m7.29 kB[39m

[1m [22m                  [2m | [22m[1mInitial total[22m[2m | [22m[1m[93m532.79 kB[39m[22m[2m | [22m              [1m112.59 kB[22m

Application bundle generation failed. [8.323 seconds] - 2026-02-15T05:32:07.793Z

node.exe : [1m[33m[33mΓû▓ [43;33m[[43;30mWARNING[43;33m][0m [1mbundle 
initial exceeded maximum budget. Budget 500.00 kB was not met by 32.79 kB with 
a total of 532.79 kB.[0m
At C:\Users\Kalya\AppData\Roaming\npm\ng.ps1:24 char:5
+     & "node$exe"  "$basedir/node_modules/@angular/cli/bin/ng.js" $arg ...
+     ~~~~~~~~~~~~~~~~~~~~~~~~~~~~~~~~~~~~~~~~~~~~~~~~~~~~~~~~~~~~~~~~~
    + CategoryInfo          : NotSpecified: ([1m[33m[33mΓ... 532.79 kB.[0m 
   :String) [], RemoteException
    + FullyQualifiedErrorId : NativeCommandError
 


[33mΓû▓ [43;33m[[43;30mWARNING[43;33m][0m 
[1msrc/app/components/header/header.css exceeded maximum budget. Budget 4.00 
kB was not met by 991 bytes with a total of 4.99 kB.[0m


[33mΓû▓ [43;33m[[43;30mWARNING[43;33m][0m 
[1msrc/app/components/hero/hero.css exceeded maximum budget. Budget 4.00 kB 
was not met by 2.61 kB with a total of 6.61 kB.[0m


[33mΓû▓ [43;33m[[43;30mWARNING[43;33m][0m 
[1msrc/app/components/blog-resources/blog-resources.component.css exceeded 
maximum budget. Budget 4.00 kB was not met by 1.78 kB with a total of 5.78 
kB.[0m


[33mΓû▓ [43;33m[[43;30mWARNING[43;33m][0m 
[1msrc/app/components/realtime-monitoring/realtime-monitoring.css exceeded 
maximum budget. Budget 4.00 kB was not met by 4.23 kB with a total of 8.23 
kB.[0m


[33mΓû▓ [43;33m[[43;30mWARNING[43;33m][0m 
[1msrc/app/components/case-studies/case-studies.css exceeded maximum budget. 
Budget 4.00 kB was not met by 420 bytes with a total of 4.42 kB.[0m


[33mΓû▓ [43;33m[[43;30mWARNING[43;33m][0m 
[1msrc/app/components/contact/contact.css exceeded maximum budget. Budget 
4.00 kB was not met by 562 bytes with a total of 4.56 kB.[0m


[33mΓû▓ [43;33m[[43;30mWARNING[43;33m][0m 
[1msrc/app/components/chatbot/chatbot.component.css exceeded maximum budget. 
Budget 4.00 kB was not met by 365 bytes with a total of 4.37 kB.[0m


[33mΓû▓ [43;33m[[43;30mWARNING[43;33m][0m 
[1msrc/app/components/floating-contact/floating-contact.component.css 
exceeded maximum budget. Budget 4.00 kB was not met by 27.33 kB with a total 
of 31.33 kB.[0m


[33mΓû▓ [43;33m[[43;30mWARNING[43;33m][0m [1mcss-inline-fonts:https://fon
ts.googleapis.com/css2?family=Outfit:wght@300;400;600;700&display=swap 
exceeded maximum budget. Budget 4.00 kB was not met by 4.45 kB with a total of 
8.45 kB.[0m

[39m[22m
[1m[31m[31mX [41;31m[[41;97mERROR[41;31m][0m 
[1msrc/app/components/floating-contact/floating-contact.component.css 
exceeded maximum budget. Budget 16.00 kB was not met by 15.33 kB with a total 
of 31.33 kB.[0m

[39m[22m
